
Memory Configuration

Name             Origin             Length             Attributes
*default*        0x00000000         0xffffffff

Linker script and memory map

LOAD build/jtag.o
LOAD build/framebuffer.o
LOAD build/move.o
LOAD build/draw.o
LOAD build/menus.o
LOAD build/detector.o
LOAD build/main.o
LOAD build/asset.o
LOAD build/gameState.o
LOAD build/SNESControl.o

.init           0x00008000        0x4
 *(.init)
 .init          0x00008000        0x4 build/main.o
                0x00008000                _start

.data           0x00009080     0x69bc
 *(.data)
 .data          0x00009080        0x0 build/jtag.o
 .data          0x00009080       0x70 build/framebuffer.o
                0x000090e0                FrameBufferPointer
 .data          0x000090f0        0x0 build/move.o
 .data          0x000090f0        0x0 build/draw.o
 .data          0x000090f0        0x0 build/menus.o
 .data          0x000090f0        0x0 build/detector.o
 .data          0x000090f0        0x0 build/main.o
 .data          0x000090f0     0x6370 build/asset.o
                0x000090f0                Sky
                0x000099f8                Ground
                0x0000a278                pipe
                0x0000ab80                Mario
                0x0000b730                cloud
                0x0000c038                brick
                0x0000c940                qBox
                0x0000d248                coin
                0x0000db50                letterA
                0x0000e458                blackOut
                0x0000ec58                font
 .data          0x0000f460      0x5dc build/gameState.o
                0x0000f460                GameMap
                0x0000f654                GameMap2
                0x0000f654                EndMap
                0x0000f848                EndMap2
                0x0000fa3c                EndMap3
 .data          0x0000fa3c        0x0 build/SNESControl.o
 *.c.o(*)

.igot.plt       0x0000fa3c        0x0
 .igot.plt      0x00000000        0x0 build/jtag.o

.text           0x0000fa3c      0x918
 *.c.o(.text)
 *(.text)
 .text          0x0000fa3c       0x8c build/jtag.o
                0x0000fa3c                EnableJTAG
 .text          0x0000fac8       0x80 build/framebuffer.o
                0x0000fac8                InitFrameBuffer
 .text          0x0000fb48      0x37c build/move.o
                0x0000fb48                readMario
                0x0000fb98                moveRight
                0x0000fbf4                moveLeft
                0x0000fc50                jump
                0x0000fd44                runJump
 .text          0x0000fec4      0x1c0 build/draw.o
                0x0000fec4                clearScreen
                0x0000ff38                drawMap
                0x0000ff90                drawCell
 .text          0x00010084       0x10 build/menus.o
                0x00010090                mainMenu
                0x00010094                pauseMidGame
 .text          0x00010094        0x0 build/detector.o
 .text          0x00010094       0x38 build/main.o
                0x00010094                main
                0x000100bc                Restart_Game
                0x000100bc                endGame
                0x000100c0                haltLoop$
 .text          0x000100cc        0x0 build/asset.o
 .text          0x000100cc        0x0 build/gameState.o
 .text          0x000100cc      0x288 build/SNESControl.o
                0x000100cc                initGPIO
                0x0001013c                readButtons
                0x00010224                Wait
OUTPUT(build/output.elf elf32-littlearm)

.glue_7         0x00010354        0x0
 .glue_7        0x00000000        0x0 linker stubs

.glue_7t        0x00010354        0x0
 .glue_7t       0x00000000        0x0 linker stubs

.vfp11_veneer   0x00010354        0x0
 .vfp11_veneer  0x00000000        0x0 linker stubs

.v4_bx          0x00010354        0x0
 .v4_bx         0x00000000        0x0 linker stubs

.iplt           0x00010354        0x0
 .iplt          0x00000000        0x0 build/jtag.o

.rel.dyn        0x00010354        0x0
 .rel.iplt      0x00000000        0x0 build/jtag.o

.bss            0x00010354        0x0
 .bss           0x00010354        0x0 build/jtag.o
 .bss           0x00010354        0x0 build/framebuffer.o
 .bss           0x00010354        0x0 build/move.o
 .bss           0x00010354        0x0 build/draw.o
 .bss           0x00010354        0x0 build/menus.o
 .bss           0x00010354        0x0 build/detector.o
 .bss           0x00010354        0x0 build/main.o
 .bss           0x00010354        0x0 build/asset.o
 .bss           0x00010354        0x0 build/gameState.o
 .bss           0x00010354        0x0 build/SNESControl.o

.ARM.attributes
                0x00000000       0x29
 .ARM.attributes
                0x00000000       0x29 build/jtag.o
 .ARM.attributes
                0x00000029       0x29 build/framebuffer.o
 .ARM.attributes
                0x00000052       0x29 build/move.o
 .ARM.attributes
                0x0000007b       0x29 build/draw.o
 .ARM.attributes
                0x000000a4       0x29 build/menus.o
 .ARM.attributes
                0x000000cd       0x29 build/detector.o
 .ARM.attributes
                0x000000f6       0x29 build/main.o
 .ARM.attributes
                0x0000011f       0x29 build/asset.o
 .ARM.attributes
                0x00000148       0x29 build/gameState.o
 .ARM.attributes
                0x00000171       0x29 build/SNESControl.o

.debug_line     0x00000000      0x438
 .debug_line    0x00000000       0x61 build/jtag.o
 .debug_line    0x00000061       0x67 build/framebuffer.o
 .debug_line    0x000000c8      0x126 build/move.o
 .debug_line    0x000001ee       0xb4 build/draw.o
 .debug_line    0x000002a2       0x3f build/menus.o
 .debug_line    0x000002e1       0x5d build/main.o
 .debug_line    0x0000033e       0xfa build/SNESControl.o

.debug_info     0x00000000      0x28f
 .debug_info    0x00000000       0x5c build/jtag.o
 .debug_info    0x0000005c       0x63 build/framebuffer.o
 .debug_info    0x000000bf       0x5c build/move.o
 .debug_info    0x0000011b       0x5c build/draw.o
 .debug_info    0x00000177       0x5d build/menus.o
 .debug_info    0x000001d4       0x58 build/main.o
 .debug_info    0x0000022c       0x63 build/SNESControl.o

.debug_abbrev   0x00000000       0x8a
 .debug_abbrev  0x00000000       0x14 build/jtag.o
 .debug_abbrev  0x00000014       0x14 build/framebuffer.o
 .debug_abbrev  0x00000028       0x14 build/move.o
 .debug_abbrev  0x0000003c       0x14 build/draw.o
 .debug_abbrev  0x00000050       0x14 build/menus.o
 .debug_abbrev  0x00000064       0x12 build/main.o
 .debug_abbrev  0x00000076       0x14 build/SNESControl.o

.debug_aranges  0x00000000       0xe8
 .debug_aranges
                0x00000000       0x20 build/jtag.o
 .debug_aranges
                0x00000020       0x20 build/framebuffer.o
 .debug_aranges
                0x00000040       0x20 build/move.o
 .debug_aranges
                0x00000060       0x20 build/draw.o
 .debug_aranges
                0x00000080       0x20 build/menus.o
 .debug_aranges
                0x000000a0       0x28 build/main.o
 .debug_aranges
                0x000000c8       0x20 build/SNESControl.o

.debug_ranges   0x00000000       0x20
 .debug_ranges  0x00000000       0x20 build/main.o
