
Memory Configuration

Name             Origin             Length             Attributes
*default*        0x00000000         0xffffffff

Linker script and memory map

LOAD build/jtag.o
LOAD build/framebuffer.o
LOAD build/move.o
LOAD build/draw.o
LOAD build/menus.o
LOAD build/detector.o
LOAD build/main.o
LOAD build/asset.o
LOAD build/Stats.o
LOAD build/gameState.o
LOAD build/SNESControl.o

.init           0x00008000        0x4
 *(.init)
 .init          0x00008000        0x4 build/main.o
                0x00008000                _start

.data           0x00009080   0x177b8e
 *(.data)
 .data          0x00009080        0x0 build/jtag.o
 .data          0x00009080       0x70 build/framebuffer.o
                0x000090e0                FrameBufferPointer
 .data          0x000090f0        0x0 build/move.o
 .data          0x000090f0        0x0 build/draw.o
 .data          0x000090f0        0x0 build/menus.o
 .data          0x000090f0        0x0 build/detector.o
 .data          0x000090f0        0x0 build/main.o
 .data          0x000090f0   0x176720 build/asset.o
                0x000090f0                castle
                0x000099f8                Goomba
                0x0000a300                Turle
                0x0000ac08                Sky
                0x0000b510                Ground
                0x0000bd90                pipe
                0x0000c698                Mario
                0x0000d248                cloud
                0x0000db50                brick
                0x0000e458                qBox
                0x0000ed60                coin
                0x0000f668                letterA
                0x0000ff70                blackOut
                0x00010770                font
                0x00010f70                selectionMushroom
                0x00011878                mainMenuScreen
                0x001286f8                PauseMenu
                0x001745f8                OrangeSquare
                0x00174f00                PauseStar
                0x00175808                YouWin
                0x0017f808                YouLose
 .data          0x0017f810      0x840 build/Stats.o
 .data          0x00180050      0xbbe build/gameState.o
                0x00180050                livesNum
                0x00180051                currentLevel
                0x00180052                currentCoins
                0x00180053                currentScore
                0x00180054                WinFlag
                0x00180055                LoseFlag
                0x00180056                GameMap
                0x0018024a                GameMap1
                0x0018024a                EndMap
                0x0018043e                GameMap2
                0x0018043e                EndMap1
                0x00180632                GameMap3
                0x00180632                EndMap2
                0x00180826                EndMap3
                0x00180826                GameMapLeft1
                0x00180a1a                GameMapLeft2
                0x00180a1a                EndMapLeft1
                0x00180c0e                EndMapLeft2
 .data          0x00180c0e        0x0 build/SNESControl.o
 *.c.o(*)

.igot.plt       0x00180c10        0x0
 .igot.plt      0x00000000        0x0 build/jtag.o

.text           0x00180c10     0x123c
 *.c.o(.text)
 *(.text)
 .text          0x00180c10       0x8c build/jtag.o
                0x00180c10                EnableJTAG
 .text          0x00180c9c       0x80 build/framebuffer.o
                0x00180c9c                InitFrameBuffer
 .text          0x00180d1c      0x608 build/move.o
                0x00180d1c                readMario
                0x00180d6c                moveRight
                0x00180dec                moveLeft
                0x00180e70                jump
                0x00180f6c                runJump
                0x00181158                fall2
                0x001812b0                switchMap
 .text          0x00181324      0x4d0 build/draw.o
                0x00181324                clearScreen
                0x00181378                DrawPixel
                0x00181398                DrawWinMessage
                0x00181408                DrawLoseMessage
                0x0018145c                DrawPauseMenu
                0x001814ac                DrawMainMenuScreen
                0x001814f8                DrawMenuStar1
                0x00181534                DrawMenuStar2
                0x00181570                DrawMenuStar3
                0x001815ac                DrawMenuMushroom
                0x001815d8                DrawMenuMushroom2
                0x00181604                drawMap
                0x00181660                drawCell
 .text          0x001817f4       0xf0 build/menus.o
                0x001817f4                mainMenu
                0x00181824                MainUpPressed
                0x00181838                MainDownPressed
                0x0018184c                MainAPressed
                0x00181864                pauseMenu
                0x00181878                PauseStPressed
                0x0018187c                PauseDnPressed
                0x00181898                PauseUpPressed
                0x001818b4                PauseAPressed
 .text          0x001818e4        0x0 build/detector.o
 .text          0x001818e4       0x64 build/main.o
                0x001818e4                main
                0x0018190c                StartGame
                0x00181928                exitGame
                0x00181930                Restart_Game
                0x00181934                haltLoop$
 .text          0x00181948        0x0 build/asset.o
 .text          0x00181948      0x18c build/Stats.o
                0x00181948                Print_Init_Stats
                0x001819b4                Draw_Stats
                0x00181a08                DrawString
                0x00181a4c                Draw_Char
 .text          0x00181ad4        0x0 build/gameState.o
 .text          0x00181ad4      0x378 build/SNESControl.o
                0x00181ad4                initGPIO
                0x00181b44                readMainMenuButtons
                0x00181bc4                readPauseButtons
                0x00181c4c                readButtons
                0x00181d1c                Wait
OUTPUT(build/output.elf elf32-littlearm)

.glue_7         0x00181e4c        0x0
 .glue_7        0x00000000        0x0 linker stubs

.glue_7t        0x00181e4c        0x0
 .glue_7t       0x00000000        0x0 linker stubs

.vfp11_veneer   0x00181e4c        0x0
 .vfp11_veneer  0x00000000        0x0 linker stubs

.v4_bx          0x00181e4c        0x0
 .v4_bx         0x00000000        0x0 linker stubs

.iplt           0x00181e4c        0x0
 .iplt          0x00000000        0x0 build/jtag.o

.rel.dyn        0x00181e4c        0x0
 .rel.iplt      0x00000000        0x0 build/jtag.o

.bss            0x00181e4c        0x0
 .bss           0x00181e4c        0x0 build/jtag.o
 .bss           0x00181e4c        0x0 build/framebuffer.o
 .bss           0x00181e4c        0x0 build/move.o
 .bss           0x00181e4c        0x0 build/draw.o
 .bss           0x00181e4c        0x0 build/menus.o
 .bss           0x00181e4c        0x0 build/detector.o
 .bss           0x00181e4c        0x0 build/main.o
 .bss           0x00181e4c        0x0 build/asset.o
 .bss           0x00181e4c        0x0 build/Stats.o
 .bss           0x00181e4c        0x0 build/gameState.o
 .bss           0x00181e4c        0x0 build/SNESControl.o

.ARM.attributes
                0x00000000       0x29
 .ARM.attributes
                0x00000000       0x29 build/jtag.o
 .ARM.attributes
                0x00000029       0x29 build/framebuffer.o
 .ARM.attributes
                0x00000052       0x29 build/move.o
 .ARM.attributes
                0x0000007b       0x29 build/draw.o
 .ARM.attributes
                0x000000a4       0x29 build/menus.o
 .ARM.attributes
                0x000000cd       0x29 build/detector.o
 .ARM.attributes
                0x000000f6       0x29 build/main.o
 .ARM.attributes
                0x0000011f       0x29 build/asset.o
 .ARM.attributes
                0x00000148       0x29 build/Stats.o
 .ARM.attributes
                0x00000171       0x29 build/gameState.o
 .ARM.attributes
                0x0000019a       0x29 build/SNESControl.o

.debug_line     0x00000000      0x6f5
 .debug_line    0x00000000       0x61 build/jtag.o
 .debug_line    0x00000061       0x67 build/framebuffer.o
 .debug_line    0x000000c8      0x1d7 build/move.o
 .debug_line    0x0000029f      0x184 build/draw.o
 .debug_line    0x00000423       0x79 build/menus.o
 .debug_line    0x0000049c       0x66 build/main.o
 .debug_line    0x00000502       0xb4 build/Stats.o
 .debug_line    0x000005b6      0x13f build/SNESControl.o

.debug_info     0x00000000      0x338
 .debug_info    0x00000000       0x67 build/jtag.o
 .debug_info    0x00000067       0x6e build/framebuffer.o
 .debug_info    0x000000d5       0x64 build/move.o
 .debug_info    0x00000139       0x64 build/draw.o
 .debug_info    0x0000019d       0x68 build/menus.o
 .debug_info    0x00000205       0x60 build/main.o
 .debug_info    0x00000265       0x65 build/Stats.o
 .debug_info    0x000002ca       0x6e build/SNESControl.o

.debug_abbrev   0x00000000       0x9e
 .debug_abbrev  0x00000000       0x14 build/jtag.o
 .debug_abbrev  0x00000014       0x14 build/framebuffer.o
 .debug_abbrev  0x00000028       0x14 build/move.o
 .debug_abbrev  0x0000003c       0x14 build/draw.o
 .debug_abbrev  0x00000050       0x14 build/menus.o
 .debug_abbrev  0x00000064       0x12 build/main.o
 .debug_abbrev  0x00000076       0x14 build/Stats.o
 .debug_abbrev  0x0000008a       0x14 build/SNESControl.o

.debug_aranges  0x00000000      0x108
 .debug_aranges
                0x00000000       0x20 build/jtag.o
 .debug_aranges
                0x00000020       0x20 build/framebuffer.o
 .debug_aranges
                0x00000040       0x20 build/move.o
 .debug_aranges
                0x00000060       0x20 build/draw.o
 .debug_aranges
                0x00000080       0x20 build/menus.o
 .debug_aranges
                0x000000a0       0x28 build/main.o
 .debug_aranges
                0x000000c8       0x20 build/Stats.o
 .debug_aranges
                0x000000e8       0x20 build/SNESControl.o

.debug_ranges   0x00000000       0x20
 .debug_ranges  0x00000000       0x20 build/main.o
