
Memory Configuration

Name             Origin             Length             Attributes
*default*        0x00000000         0xffffffff

Linker script and memory map

LOAD build/framebuffer.o
LOAD build/jtag.o
LOAD build/move.o
LOAD build/draw.o
LOAD build/menus.o
LOAD build/interrupt.o
LOAD build/main.o
LOAD build/asset.o
LOAD build/Stats.o
LOAD build/gameState.o
LOAD build/SNESControl.o

.init           0x00008000        0x4
 *(.init)
 .init          0x00008000        0x4 build/main.o
                0x00008000                _start

.data           0x00009080   0x1f7e3e
 *(.data)
 .data          0x00009080       0x70 build/framebuffer.o
                0x000090e0                FrameBufferPointer
 .data          0x000090f0        0x0 build/jtag.o
 .data          0x000090f0        0x0 build/move.o
 .data          0x000090f0        0x0 build/draw.o
 .data          0x000090f0        0x0 build/menus.o
 .data          0x000090f0       0x40 build/interrupt.o
 .data          0x00009130        0x0 build/main.o
 .data          0x00009130   0x1f6990 build/asset.o
                0x00009130                castle
                0x00009a38                Goomba
                0x0000a340                Turle
                0x0000ac48                Sky
                0x0000b550                Ground
                0x0000bdd0                pipe
                0x0000c6d8                Mario
                0x0000d288                cloud
                0x0000db90                brick
                0x0000e498                qBox
                0x0000eda0                coin
                0x0000f6a8                letterA
                0x0000ffb0                blackOut
                0x000107b0                font
                0x00010fb0                selectionMushroom
                0x000118b8                mainMenuScreen
                0x00128738                PauseMenu
                0x00174638                OrangeSquare
                0x00174f40                PauseStar
                0x00175848                YouWin
                0x001b86ca                YouLose
 .data          0x001ffac0      0x840 build/Stats.o
 .data          0x00200300      0xbbe build/gameState.o
                0x00200300                livesNum
                0x00200301                currentLevel
                0x00200302                currentCoins
                0x00200303                currentScore
                0x00200304                WinFlag
                0x00200305                LoseFlag
                0x00200306                GameMap
                0x002004fa                GameMap1
                0x002004fa                EndMap
                0x002006ee                GameMap2
                0x002006ee                EndMap1
                0x002008e2                GameMap3
                0x002008e2                EndMap2
                0x00200ad6                EndMap3
                0x00200ad6                GameMapLeft1
                0x00200cca                GameMapLeft2
                0x00200cca                EndMapLeft1
                0x00200ebe                EndMapLeft2
 .data          0x00200ebe        0x0 build/SNESControl.o
 *.c.o(*)

.igot.plt       0x00200ec0        0x0
 .igot.plt      0x00000000        0x0 build/framebuffer.o

.text           0x00200ec0     0x152c
 *.c.o(.text)
 *(.text)
 .text          0x00200ec0       0x80 build/framebuffer.o
                0x00200ec0                InitFrameBuffer
 .text          0x00200f40       0x8c build/jtag.o
                0x00200f40                EnableJTAG
 .text          0x00200fcc      0x62c build/move.o
                0x00200fcc                readMario
                0x0020101c                moveRight
                0x0020109c                moveLeft
                0x00201120                jump
                0x0020121c                runJump
                0x00201414                fall2
                0x00201584                switchMap
 .text          0x002015f8      0x4e4 build/draw.o
                0x002015f8                clearScreen
                0x0020164c                DrawPixel
                0x0020166c                DrawWinMessage
                0x002016e4                DrawLoseMessage
                0x00201740                DrawPauseMenu
                0x00201790                DrawMainMenuScreen
                0x002017dc                DrawMenuStar1
                0x00201818                DrawMenuStar2
                0x00201854                DrawMenuStar3
                0x00201890                DrawMenuMushroom
                0x002018bc                DrawMenuMushroom2
                0x002018e8                drawMap
                0x00201944                drawCell
 .text          0x00201adc       0xf0 build/menus.o
                0x00201adc                mainMenu
                0x00201b0c                MainUpPressed
                0x00201b20                MainDownPressed
                0x00201b34                MainAPressed
                0x00201b4c                pauseMenu
                0x00201b60                PauseStPressed
                0x00201b64                PauseDnPressed
                0x00201b80                PauseUpPressed
                0x00201b9c                PauseAPressed
 .text          0x00201bcc       0xd8 build/interrupt.o
                0x00201bcc                Interrupt_Install_Table
                0x00201c04                Interrupt
                0x00201c40                IRQ
 .text          0x00201ca4       0x8c build/main.o
                0x00201ca4                main
                0x00201cd8                StartGame
                0x00201d08                exitGame
                0x00201d10                Restart_Game
                0x00201d14                haltLoop$
 .text          0x00201d30        0x0 build/asset.o
 .text          0x00201d30      0x1c8 build/Stats.o
                0x00201d30                Print_Init_Stats
                0x00201d9c                Draw_Stats
                0x00201e2c                DrawString
                0x00201e70                Draw_Char
 .text          0x00201ef8        0x0 build/gameState.o
 .text          0x00201ef8      0x4f4 build/SNESControl.o
                0x00201ef8                initGPIO
                0x00201f68                readMainMenuButtons
                0x00201fe8                readEndButtons
                0x00202164                readPauseButtons
                0x002021ec                readButtons
                0x002022bc                Wait
OUTPUT(build/output.elf elf32-littlearm)

.glue_7         0x002023ec        0x0
 .glue_7        0x00000000        0x0 linker stubs

.glue_7t        0x002023ec        0x0
 .glue_7t       0x00000000        0x0 linker stubs

.vfp11_veneer   0x002023ec        0x0
 .vfp11_veneer  0x00000000        0x0 linker stubs

.v4_bx          0x002023ec        0x0
 .v4_bx         0x00000000        0x0 linker stubs

.iplt           0x002023ec        0x0
 .iplt          0x00000000        0x0 build/framebuffer.o

.rel.dyn        0x002023ec        0x0
 .rel.iplt      0x00000000        0x0 build/framebuffer.o

.bss            0x002023ec        0x0
 .bss           0x002023ec        0x0 build/framebuffer.o
 .bss           0x002023ec        0x0 build/jtag.o
 .bss           0x002023ec        0x0 build/move.o
 .bss           0x002023ec        0x0 build/draw.o
 .bss           0x002023ec        0x0 build/menus.o
 .bss           0x002023ec        0x0 build/interrupt.o
 .bss           0x002023ec        0x0 build/main.o
 .bss           0x002023ec        0x0 build/asset.o
 .bss           0x002023ec        0x0 build/Stats.o
 .bss           0x002023ec        0x0 build/gameState.o
 .bss           0x002023ec        0x0 build/SNESControl.o

.ARM.attributes
                0x00000000       0x29
 .ARM.attributes
                0x00000000       0x29 build/framebuffer.o
 .ARM.attributes
                0x00000029       0x29 build/jtag.o
 .ARM.attributes
                0x00000052       0x29 build/move.o
 .ARM.attributes
                0x0000007b       0x29 build/draw.o
 .ARM.attributes
                0x000000a4       0x29 build/menus.o
 .ARM.attributes
                0x000000cd       0x29 build/interrupt.o
 .ARM.attributes
                0x000000f6       0x29 build/main.o
 .ARM.attributes
                0x0000011f       0x29 build/asset.o
 .ARM.attributes
                0x00000148       0x29 build/Stats.o
 .ARM.attributes
                0x00000171       0x29 build/gameState.o
 .ARM.attributes
                0x0000019a       0x29 build/SNESControl.o

.debug_line     0x00000000      0x817
 .debug_line    0x00000000       0x67 build/framebuffer.o
 .debug_line    0x00000067       0x61 build/jtag.o
 .debug_line    0x000000c8      0x1e0 build/move.o
 .debug_line    0x000002a8      0x18b build/draw.o
 .debug_line    0x00000433       0x79 build/menus.o
 .debug_line    0x000004ac       0x98 build/interrupt.o
 .debug_line    0x00000544       0x70 build/main.o
 .debug_line    0x000005b4       0xc3 build/Stats.o
 .debug_line    0x00000677      0x1a0 build/SNESControl.o

.debug_info     0x00000000      0x3a5
 .debug_info    0x00000000       0x6e build/framebuffer.o
 .debug_info    0x0000006e       0x67 build/jtag.o
 .debug_info    0x000000d5       0x66 build/move.o
 .debug_info    0x0000013b       0x66 build/draw.o
 .debug_info    0x000001a1       0x67 build/menus.o
 .debug_info    0x00000208       0x67 build/interrupt.o
 .debug_info    0x0000026f       0x62 build/main.o
 .debug_info    0x000002d1       0x67 build/Stats.o
 .debug_info    0x00000338       0x6d build/SNESControl.o

.debug_abbrev   0x00000000       0xb0
 .debug_abbrev  0x00000000       0x14 build/framebuffer.o
 .debug_abbrev  0x00000014       0x14 build/jtag.o
 .debug_abbrev  0x00000028       0x14 build/move.o
 .debug_abbrev  0x0000003c       0x14 build/draw.o
 .debug_abbrev  0x00000050       0x14 build/menus.o
 .debug_abbrev  0x00000064       0x12 build/interrupt.o
 .debug_abbrev  0x00000076       0x12 build/main.o
 .debug_abbrev  0x00000088       0x14 build/Stats.o
 .debug_abbrev  0x0000009c       0x14 build/SNESControl.o

.debug_aranges  0x00000000      0x130
 .debug_aranges
                0x00000000       0x20 build/framebuffer.o
 .debug_aranges
                0x00000020       0x20 build/jtag.o
 .debug_aranges
                0x00000040       0x20 build/move.o
 .debug_aranges
                0x00000060       0x20 build/draw.o
 .debug_aranges
                0x00000080       0x20 build/menus.o
 .debug_aranges
                0x000000a0       0x28 build/interrupt.o
 .debug_aranges
                0x000000c8       0x28 build/main.o
 .debug_aranges
                0x000000f0       0x20 build/Stats.o
 .debug_aranges
                0x00000110       0x20 build/SNESControl.o

.debug_ranges   0x00000000       0x40
 .debug_ranges  0x00000000       0x20 build/interrupt.o
 .debug_ranges  0x00000020       0x20 build/main.o
