
Memory Configuration

Name             Origin             Length             Attributes
*default*        0x00000000         0xffffffff

Linker script and memory map

LOAD build/menus.o
LOAD build/framebuffer.o
LOAD build/move.o
LOAD build/draw.o
LOAD build/detector.o
LOAD build/main.o
LOAD build/asset.o
LOAD build/gameState.o
LOAD build/jtag.o
LOAD build/SNESControl.o

.init           0x00008000        0x4
 *(.init)
 .init          0x00008000        0x4 build/main.o
                0x00008000                _start

.data           0x00009080   0x11df4d
 *(.data)
 .data          0x00009080        0x0 build/menus.o
 .data          0x00009080       0x70 build/framebuffer.o
                0x000090e0                FrameBufferPointer
 .data          0x000090f0        0x0 build/move.o
 .data          0x000090f0        0x0 build/draw.o
 .data          0x000090f0        0x0 build/detector.o
 .data          0x000090f0        0x0 build/main.o
 .data          0x000090f0   0x11d900 build/asset.o
                0x000090f0                Sky
                0x000099f8                Ground
                0x0000a278                pipe
                0x0000ab80                Mario
                0x0000b730                cloud
                0x0000c038                brick
                0x0000c940                qBox
                0x0000d248                coin
                0x0000db50                letterA
                0x0000e458                blackOut
                0x0000ec58                font
                0x0000f460                MenuTitleScreen
                0x001262e0                MenuMushroom
 .data          0x001269f0      0x5dd build/gameState.o
                0x001269f0                currentLevel
                0x001269f1                GameMap
                0x00126be5                GameMap2
                0x00126be5                EndMap
                0x00126dd9                GameMap3
                0x00126dd9                EndMap2
                0x00126fcd                EndMap3
 .data          0x00126fcd        0x0 build/jtag.o
 .data          0x00126fcd        0x0 build/SNESControl.o
 *.c.o(*)

.igot.plt       0x00126fd0        0x0
 .igot.plt      0x00000000        0x0 build/menus.o

.text           0x00126fd0      0xb60
 *.c.o(.text)
 *(.text)
 .text          0x00126fd0       0x74 build/menus.o
                0x00126fd0                mainMenu
                0x00127044                pauseMenu
 .text          0x00127044       0x80 build/framebuffer.o
                0x00127044                InitFrameBuffer
 .text          0x001270c4      0x408 build/move.o
                0x001270c4                readMario
                0x00127114                moveRight
                0x00127170                moveLeft
                0x001271cc                jump
                0x001272c0                runJump
 .text          0x001274cc      0x290 build/draw.o
                0x001274cc                clearScreen
                0x00127540                DrawMainMenuScreen
                0x0012758c                DrawMenuMushroom
                0x001275ac                DrawMenuMushroom2
                0x001275fc                drawMap
                0x00127654                drawCell
 .text          0x0012775c        0x0 build/detector.o
 .text          0x0012775c       0x44 build/main.o
                0x0012775c                main
                0x00127770                ExitMainMenu
                0x00127788                exitGame
                0x00127790                Restart_Game
                0x00127794                haltLoop$
 .text          0x001277a0        0x0 build/asset.o
 .text          0x001277a0        0x0 build/gameState.o
 .text          0x001277a0       0x8c build/jtag.o
                0x001277a0                EnableJTAG
 .text          0x0012782c      0x304 build/SNESControl.o
                0x0012782c                initGPIO
                0x0012789c                readMenuButtons
                0x00127918                readButtons
                0x001279fc                Wait
OUTPUT(build/output.elf elf32-littlearm)

.glue_7         0x00127b30        0x0
 .glue_7        0x00000000        0x0 linker stubs

.glue_7t        0x00127b30        0x0
 .glue_7t       0x00000000        0x0 linker stubs

.vfp11_veneer   0x00127b30        0x0
 .vfp11_veneer  0x00000000        0x0 linker stubs

.v4_bx          0x00127b30        0x0
 .v4_bx         0x00000000        0x0 linker stubs

.iplt           0x00127b30        0x0
 .iplt          0x00000000        0x0 build/menus.o

.rel.dyn        0x00127b30        0x0
 .rel.iplt      0x00000000        0x0 build/menus.o

.bss            0x00127b30        0x0
 .bss           0x00127b30        0x0 build/menus.o
 .bss           0x00127b30        0x0 build/framebuffer.o
 .bss           0x00127b30        0x0 build/move.o
 .bss           0x00127b30        0x0 build/draw.o
 .bss           0x00127b30        0x0 build/detector.o
 .bss           0x00127b30        0x0 build/main.o
 .bss           0x00127b30        0x0 build/asset.o
 .bss           0x00127b30        0x0 build/gameState.o
 .bss           0x00127b30        0x0 build/jtag.o
 .bss           0x00127b30        0x0 build/SNESControl.o

.ARM.attributes
                0x00000000       0x29
 .ARM.attributes
                0x00000000       0x29 build/menus.o
 .ARM.attributes
                0x00000029       0x29 build/framebuffer.o
 .ARM.attributes
                0x00000052       0x29 build/move.o
 .ARM.attributes
                0x0000007b       0x29 build/draw.o
 .ARM.attributes
                0x000000a4       0x29 build/detector.o
 .ARM.attributes
                0x000000cd       0x29 build/main.o
 .ARM.attributes
                0x000000f6       0x29 build/asset.o
 .ARM.attributes
                0x0000011f       0x29 build/gameState.o
 .ARM.attributes
                0x00000148       0x29 build/jtag.o
 .ARM.attributes
                0x00000171       0x29 build/SNESControl.o

.debug_line     0x00000000      0x4e4
 .debug_line    0x00000000       0x5e build/menus.o
 .debug_line    0x0000005e       0x67 build/framebuffer.o
 .debug_line    0x000000c5      0x14d build/move.o
 .debug_line    0x00000212       0xf0 build/draw.o
 .debug_line    0x00000302       0x60 build/main.o
 .debug_line    0x00000362       0x61 build/jtag.o
 .debug_line    0x000003c3      0x121 build/SNESControl.o

.debug_info     0x00000000      0x2b9
 .debug_info    0x00000000       0x63 build/menus.o
 .debug_info    0x00000063       0x69 build/framebuffer.o
 .debug_info    0x000000cc       0x62 build/move.o
 .debug_info    0x0000012e       0x62 build/draw.o
 .debug_info    0x00000190       0x5e build/main.o
 .debug_info    0x000001ee       0x62 build/jtag.o
 .debug_info    0x00000250       0x69 build/SNESControl.o

.debug_abbrev   0x00000000       0x8a
 .debug_abbrev  0x00000000       0x14 build/menus.o
 .debug_abbrev  0x00000014       0x14 build/framebuffer.o
 .debug_abbrev  0x00000028       0x14 build/move.o
 .debug_abbrev  0x0000003c       0x14 build/draw.o
 .debug_abbrev  0x00000050       0x12 build/main.o
 .debug_abbrev  0x00000062       0x14 build/jtag.o
 .debug_abbrev  0x00000076       0x14 build/SNESControl.o

.debug_aranges  0x00000000       0xe8
 .debug_aranges
                0x00000000       0x20 build/menus.o
 .debug_aranges
                0x00000020       0x20 build/framebuffer.o
 .debug_aranges
                0x00000040       0x20 build/move.o
 .debug_aranges
                0x00000060       0x20 build/draw.o
 .debug_aranges
                0x00000080       0x28 build/main.o
 .debug_aranges
                0x000000a8       0x20 build/jtag.o
 .debug_aranges
                0x000000c8       0x20 build/SNESControl.o

.debug_ranges   0x00000000       0x20
 .debug_ranges  0x00000000       0x20 build/main.o
