
Memory Configuration

Name             Origin             Length             Attributes
*default*        0x00000000         0xffffffff

Linker script and memory map

LOAD build/framebuffer.o
LOAD build/jtag.o
LOAD build/move.o
LOAD build/draw.o
LOAD build/menus.o
LOAD build/main.o
LOAD build/asset.o
LOAD build/Stats.o
LOAD build/gameState.o
LOAD build/SNESControl.o

.init           0x00008000        0x4
 *(.init)
 .init          0x00008000        0x4 build/main.o
                0x00008000                _start

.data           0x00009080   0x1f7dfe
 *(.data)
 .data          0x00009080       0x70 build/framebuffer.o
                0x000090e0                FrameBufferPointer
 .data          0x000090f0        0x0 build/jtag.o
 .data          0x000090f0        0x0 build/move.o
 .data          0x000090f0        0x0 build/draw.o
 .data          0x000090f0        0x0 build/menus.o
 .data          0x000090f0        0x0 build/main.o
 .data          0x000090f0   0x1f6990 build/asset.o
                0x000090f0                castle
                0x000099f8                Goomba
                0x0000a300                Turle
                0x0000ac08                Sky
                0x0000b510                Ground
                0x0000bd90                pipe
                0x0000c698                Mario
                0x0000d248                cloud
                0x0000db50                brick
                0x0000e458                qBox
                0x0000ed60                coin
                0x0000f668                letterA
                0x0000ff70                blackOut
                0x00010770                font
                0x00010f70                selectionMushroom
                0x00011878                mainMenuScreen
                0x001286f8                PauseMenu
                0x001745f8                OrangeSquare
                0x00174f00                PauseStar
                0x00175808                YouWin
                0x001b868a                YouLose
 .data          0x001ffa80      0x840 build/Stats.o
 .data          0x002002c0      0xbbe build/gameState.o
                0x002002c0                livesNum
                0x002002c1                currentLevel
                0x002002c2                currentCoins
                0x002002c3                currentScore
                0x002002c4                WinFlag
                0x002002c5                LoseFlag
                0x002002c6                GameMap
                0x002004ba                GameMap1
                0x002004ba                EndMap
                0x002006ae                GameMap2
                0x002006ae                EndMap1
                0x002008a2                GameMap3
                0x002008a2                EndMap2
                0x00200a96                EndMap3
                0x00200a96                GameMapLeft1
                0x00200c8a                GameMapLeft2
                0x00200c8a                EndMapLeft1
                0x00200e7e                EndMapLeft2
 .data          0x00200e7e        0x0 build/SNESControl.o
 *.c.o(*)

.igot.plt       0x00200e80        0x0
 .igot.plt      0x00000000        0x0 build/framebuffer.o

.text           0x00200e80     0x131c
 *.c.o(.text)
 *(.text)
 .text          0x00200e80       0x80 build/framebuffer.o
                0x00200e80                InitFrameBuffer
 .text          0x00200f00       0x8c build/jtag.o
                0x00200f00                EnableJTAG
 .text          0x00200f8c      0x62c build/move.o
                0x00200f8c                readMario
                0x00200fdc                moveRight
                0x0020105c                moveLeft
                0x002010e0                jump
                0x002011dc                runJump
                0x002013d4                fall2
                0x00201544                switchMap
 .text          0x002015b8      0x4e4 build/draw.o
                0x002015b8                clearScreen
                0x0020160c                DrawPixel
                0x0020162c                DrawWinMessage
                0x002016a4                DrawLoseMessage
                0x00201700                DrawPauseMenu
                0x00201750                DrawMainMenuScreen
                0x0020179c                DrawMenuStar1
                0x002017d8                DrawMenuStar2
                0x00201814                DrawMenuStar3
                0x00201850                DrawMenuMushroom
                0x0020187c                DrawMenuMushroom2
                0x002018a8                drawMap
                0x00201904                drawCell
 .text          0x00201a9c       0xf0 build/menus.o
                0x00201a9c                mainMenu
                0x00201acc                MainUpPressed
                0x00201ae0                MainDownPressed
                0x00201af4                MainAPressed
                0x00201b0c                pauseMenu
                0x00201b20                PauseStPressed
                0x00201b24                PauseDnPressed
                0x00201b40                PauseUpPressed
                0x00201b5c                PauseAPressed
 .text          0x00201b8c       0x88 build/main.o
                0x00201b8c                main
                0x00201bcc                StartGame
                0x00201bec                exitGame
                0x00201bf4                Restart_Game
                0x00201bf8                haltLoop$
 .text          0x00201c14        0x0 build/asset.o
 .text          0x00201c14      0x1c8 build/Stats.o
                0x00201c14                Print_Init_Stats
                0x00201c80                Draw_Stats
                0x00201d10                DrawString
                0x00201d54                Draw_Char
 .text          0x00201ddc        0x0 build/gameState.o
 .text          0x00201ddc      0x3c0 build/SNESControl.o
                0x00201ddc                initGPIO
                0x00201e4c                readMainMenuButtons
                0x00201ecc                readEndButtons
                0x00201f14                readPauseButtons
                0x00201f9c                readButtons
                0x0020206c                Wait
OUTPUT(build/output.elf elf32-littlearm)

.glue_7         0x0020219c        0x0
 .glue_7        0x00000000        0x0 linker stubs

.glue_7t        0x0020219c        0x0
 .glue_7t       0x00000000        0x0 linker stubs

.vfp11_veneer   0x0020219c        0x0
 .vfp11_veneer  0x00000000        0x0 linker stubs

.v4_bx          0x0020219c        0x0
 .v4_bx         0x00000000        0x0 linker stubs

.iplt           0x0020219c        0x0
 .iplt          0x00000000        0x0 build/framebuffer.o

.rel.dyn        0x0020219c        0x0
 .rel.iplt      0x00000000        0x0 build/framebuffer.o

.bss            0x0020219c        0x0
 .bss           0x0020219c        0x0 build/framebuffer.o
 .bss           0x0020219c        0x0 build/jtag.o
 .bss           0x0020219c        0x0 build/move.o
 .bss           0x0020219c        0x0 build/draw.o
 .bss           0x0020219c        0x0 build/menus.o
 .bss           0x0020219c        0x0 build/main.o
 .bss           0x0020219c        0x0 build/asset.o
 .bss           0x0020219c        0x0 build/Stats.o
 .bss           0x0020219c        0x0 build/gameState.o
 .bss           0x0020219c        0x0 build/SNESControl.o

.ARM.attributes
                0x00000000       0x29
 .ARM.attributes
                0x00000000       0x29 build/framebuffer.o
 .ARM.attributes
                0x00000029       0x29 build/jtag.o
 .ARM.attributes
                0x00000052       0x29 build/move.o
 .ARM.attributes
                0x0000007b       0x29 build/draw.o
 .ARM.attributes
                0x000000a4       0x29 build/menus.o
 .ARM.attributes
                0x000000cd       0x29 build/main.o
 .ARM.attributes
                0x000000f6       0x29 build/asset.o
 .ARM.attributes
                0x0000011f       0x29 build/Stats.o
 .ARM.attributes
                0x00000148       0x29 build/gameState.o
 .ARM.attributes
                0x00000171       0x29 build/SNESControl.o

.debug_line     0x00000000      0x72f
 .debug_line    0x00000000       0x67 build/framebuffer.o
 .debug_line    0x00000067       0x61 build/jtag.o
 .debug_line    0x000000c8      0x1e0 build/move.o
 .debug_line    0x000002a8      0x18b build/draw.o
 .debug_line    0x00000433       0x79 build/menus.o
 .debug_line    0x000004ac       0x6f build/main.o
 .debug_line    0x0000051b       0xc3 build/Stats.o
 .debug_line    0x000005de      0x151 build/SNESControl.o

.debug_info     0x00000000      0x344
 .debug_info    0x00000000       0x6e build/framebuffer.o
 .debug_info    0x0000006e       0x67 build/jtag.o
 .debug_info    0x000000d5       0x67 build/move.o
 .debug_info    0x0000013c       0x67 build/draw.o
 .debug_info    0x000001a3       0x68 build/menus.o
 .debug_info    0x0000020b       0x63 build/main.o
 .debug_info    0x0000026e       0x68 build/Stats.o
 .debug_info    0x000002d6       0x6e build/SNESControl.o

.debug_abbrev   0x00000000       0x9e
 .debug_abbrev  0x00000000       0x14 build/framebuffer.o
 .debug_abbrev  0x00000014       0x14 build/jtag.o
 .debug_abbrev  0x00000028       0x14 build/move.o
 .debug_abbrev  0x0000003c       0x14 build/draw.o
 .debug_abbrev  0x00000050       0x14 build/menus.o
 .debug_abbrev  0x00000064       0x12 build/main.o
 .debug_abbrev  0x00000076       0x14 build/Stats.o
 .debug_abbrev  0x0000008a       0x14 build/SNESControl.o

.debug_aranges  0x00000000      0x108
 .debug_aranges
                0x00000000       0x20 build/framebuffer.o
 .debug_aranges
                0x00000020       0x20 build/jtag.o
 .debug_aranges
                0x00000040       0x20 build/move.o
 .debug_aranges
                0x00000060       0x20 build/draw.o
 .debug_aranges
                0x00000080       0x20 build/menus.o
 .debug_aranges
                0x000000a0       0x28 build/main.o
 .debug_aranges
                0x000000c8       0x20 build/Stats.o
 .debug_aranges
                0x000000e8       0x20 build/SNESControl.o

.debug_ranges   0x00000000       0x20
 .debug_ranges  0x00000000       0x20 build/main.o
