
Memory Configuration

Name             Origin             Length             Attributes
*default*        0x00000000         0xffffffff

Linker script and memory map

LOAD build/jtag.o
LOAD build/framebuffer.o
LOAD build/move.o
LOAD build/draw.o
LOAD build/menus.o
LOAD build/interrupt.o
LOAD build/main.o
LOAD build/asset.o
LOAD build/Stats.o
LOAD build/gameState.o
LOAD build/SNESControl.o

.init           0x00008000        0x4
 *(.init)
 .init          0x00008000        0x4 build/main.o
                0x00008000                _start

.data           0x00009080   0x1f84bf
 *(.data)
 .data          0x00009080        0x0 build/jtag.o
 .data          0x00009080       0x70 build/framebuffer.o
                0x000090e0                FrameBufferPointer
 .data          0x000090f0        0x0 build/move.o
 .data          0x000090f0        0x0 build/draw.o
 .data          0x000090f0        0x0 build/menus.o
 .data          0x000090f0       0x44 build/interrupt.o
 .data          0x00009134        0x0 build/main.o
 *fill*         0x00009134        0xc 3f3f3f3f
 .data          0x00009140   0x1f7000 build/asset.o
                0x00009140                castle
                0x00009a48                Goomba
                0x0000a350                Turle
                0x0000ac58                Sky
                0x0000b560                Ground
                0x0000bde0                pipe
                0x0000c6e8                Mario
                0x0000cff0                cloud
                0x0000d8f8                brick
                0x0000e200                qBox
                0x0000eb08                coin
                0x0000f410                letterA
                0x0000fd18                blackOut
                0x00010518                font
                0x00010d20                selectionMushroom
                0x00011628                mainMenuScreen
                0x001284a8                PauseMenu
                0x001743a8                OrangeSquare
                0x00174cb0                PauseStar
                0x001755b8                YouWin
                0x001b843a                YouLose
                0x001ff82e                LifeMushroom
 .data          0x00200140      0x840 build/Stats.o
 .data          0x00200980      0xbbf build/gameState.o
                0x00200980                livesNum
                0x00200981                currentLevel
                0x00200982                currentCoins
                0x00200983                currentScore
                0x00200984                WinFlag
                0x00200985                LoseFlag
                0x00200986                PauseFlag
                0x00200987                GameMap
                0x00200b7b                GameMap1
                0x00200b7b                EndMap
                0x00200d6f                GameMap2
                0x00200d6f                EndMap1
                0x00200f63                GameMap3
                0x00200f63                EndMap2
                0x00201157                EndMap3
                0x00201157                GameMapLeft1
                0x0020134b                GameMapLeft2
                0x0020134b                EndMapLeft1
                0x0020153f                EndMapLeft2
 .data          0x0020153f        0x0 build/SNESControl.o
 *.c.o(*)

.igot.plt       0x00201540        0x0
 .igot.plt      0x00000000        0x0 build/jtag.o

.text           0x00201540     0x171c
 *.c.o(.text)
 *(.text)
 .text          0x00201540       0x8c build/jtag.o
                0x00201540                EnableJTAG
 .text          0x002015cc       0x80 build/framebuffer.o
                0x002015cc                InitFrameBuffer
 .text          0x0020164c      0x6f4 build/move.o
                0x0020164c                readMario
                0x0020169c                moveRight
                0x00201724                moveLeft
                0x002017b0                jump
                0x002018b4                runJump
                0x00201b5c                fall2
                0x00201ccc                switchMap
 .text          0x00201d40      0x4fc build/draw.o
                0x00201d40                clearScreen
                0x00201d94                DrawPixel
                0x00201db4                DrawWinMessage
                0x00201e2c                DrawLoseMessage
                0x00201e88                DrawPauseMenu
                0x00201ed8                DrawMainMenuScreen
                0x00201f24                DrawMenuStar1
                0x00201f60                DrawMenuStar2
                0x00201f9c                DrawMenuStar3
                0x00201fd8                DrawMenuMushroom
                0x00202004                DrawMenuMushroom2
                0x00202030                drawMap
                0x0020208c                drawCell
 .text          0x0020223c      0x11c build/menus.o
                0x0020223c                mainMenu
                0x0020226c                MainUpPressed
                0x00202280                MainDownPressed
                0x00202294                MainAPressed
                0x002022ac                TurnPauseFlagOff
                0x002022c4                pauseMenu
                0x002022e4                PauseStPressed
                0x002022ec                PauseDnPressed
                0x00202308                PauseUpPressed
                0x00202320                PauseAPressed
 .text          0x00202358      0x1a0 build/interrupt.o
                0x00202358                Interrupt_Install_Table
                0x00202390                Interrupt
                0x002023cc                IRQ
                0x00202460                RandomNumberGenerator
 .text          0x002024f8       0xa8 build/main.o
                0x002024f8                main
                0x0020252c                StartGame
                0x00202530                ReStartGame
                0x0020255c                resumeGame
                0x00202578                exitGame
                0x00202580                Restart_Game
                0x00202584                haltLoop$
 .text          0x002025a0        0x0 build/asset.o
 .text          0x002025a0      0x1c8 build/Stats.o
                0x002025a0                Print_Init_Stats
                0x0020260c                Draw_Stats
                0x0020269c                DrawString
                0x002026e0                Draw_Char
 .text          0x00202768        0x0 build/gameState.o
 .text          0x00202768      0x4f4 build/SNESControl.o
                0x00202768                initGPIO
                0x002027d8                readMainMenuButtons
                0x00202858                readEndButtons
                0x002029d4                readPauseButtons
                0x00202a5c                readButtons
                0x00202b2c                Wait
OUTPUT(build/output.elf elf32-littlearm)

.glue_7         0x00202c5c        0x0
 .glue_7        0x00000000        0x0 linker stubs

.glue_7t        0x00202c5c        0x0
 .glue_7t       0x00000000        0x0 linker stubs

.vfp11_veneer   0x00202c5c        0x0
 .vfp11_veneer  0x00000000        0x0 linker stubs

.v4_bx          0x00202c5c        0x0
 .v4_bx         0x00000000        0x0 linker stubs

.iplt           0x00202c5c        0x0
 .iplt          0x00000000        0x0 build/jtag.o

.rel.dyn        0x00202c5c        0x0
 .rel.iplt      0x00000000        0x0 build/jtag.o

.bss            0x00202c5c        0x0
 .bss           0x00202c5c        0x0 build/jtag.o
 .bss           0x00202c5c        0x0 build/framebuffer.o
 .bss           0x00202c5c        0x0 build/move.o
 .bss           0x00202c5c        0x0 build/draw.o
 .bss           0x00202c5c        0x0 build/menus.o
 .bss           0x00202c5c        0x0 build/interrupt.o
 .bss           0x00202c5c        0x0 build/main.o
 .bss           0x00202c5c        0x0 build/asset.o
 .bss           0x00202c5c        0x0 build/Stats.o
 .bss           0x00202c5c        0x0 build/gameState.o
 .bss           0x00202c5c        0x0 build/SNESControl.o

.ARM.attributes
                0x00000000       0x29
 .ARM.attributes
                0x00000000       0x29 build/jtag.o
 .ARM.attributes
                0x00000029       0x29 build/framebuffer.o
 .ARM.attributes
                0x00000052       0x29 build/move.o
 .ARM.attributes
                0x0000007b       0x29 build/draw.o
 .ARM.attributes
                0x000000a4       0x29 build/menus.o
 .ARM.attributes
                0x000000cd       0x29 build/interrupt.o
 .ARM.attributes
                0x000000f6       0x29 build/main.o
 .ARM.attributes
                0x0000011f       0x29 build/asset.o
 .ARM.attributes
                0x00000148       0x29 build/Stats.o
 .ARM.attributes
                0x00000171       0x29 build/gameState.o
 .ARM.attributes
                0x0000019a       0x29 build/SNESControl.o

.debug_line     0x00000000      0x8a0
 .debug_line    0x00000000       0x61 build/jtag.o
 .debug_line    0x00000061       0x67 build/framebuffer.o
 .debug_line    0x000000c8      0x215 build/move.o
 .debug_line    0x000002dd      0x191 build/draw.o
 .debug_line    0x0000046e       0x88 build/menus.o
 .debug_line    0x000004f6       0xd0 build/interrupt.o
 .debug_line    0x000005c6       0x77 build/main.o
 .debug_line    0x0000063d       0xc3 build/Stats.o
 .debug_line    0x00000700      0x1a0 build/SNESControl.o

.debug_info     0x00000000      0x391
 .debug_info    0x00000000       0x64 build/jtag.o
 .debug_info    0x00000064       0x6b build/framebuffer.o
 .debug_info    0x000000cf       0x64 build/move.o
 .debug_info    0x00000133       0x64 build/draw.o
 .debug_info    0x00000197       0x65 build/menus.o
 .debug_info    0x000001fc       0x65 build/interrupt.o
 .debug_info    0x00000261       0x60 build/main.o
 .debug_info    0x000002c1       0x65 build/Stats.o
 .debug_info    0x00000326       0x6b build/SNESControl.o

.debug_abbrev   0x00000000       0xb0
 .debug_abbrev  0x00000000       0x14 build/jtag.o
 .debug_abbrev  0x00000014       0x14 build/framebuffer.o
 .debug_abbrev  0x00000028       0x14 build/move.o
 .debug_abbrev  0x0000003c       0x14 build/draw.o
 .debug_abbrev  0x00000050       0x14 build/menus.o
 .debug_abbrev  0x00000064       0x12 build/interrupt.o
 .debug_abbrev  0x00000076       0x12 build/main.o
 .debug_abbrev  0x00000088       0x14 build/Stats.o
 .debug_abbrev  0x0000009c       0x14 build/SNESControl.o

.debug_aranges  0x00000000      0x130
 .debug_aranges
                0x00000000       0x20 build/jtag.o
 .debug_aranges
                0x00000020       0x20 build/framebuffer.o
 .debug_aranges
                0x00000040       0x20 build/move.o
 .debug_aranges
                0x00000060       0x20 build/draw.o
 .debug_aranges
                0x00000080       0x20 build/menus.o
 .debug_aranges
                0x000000a0       0x28 build/interrupt.o
 .debug_aranges
                0x000000c8       0x28 build/main.o
 .debug_aranges
                0x000000f0       0x20 build/Stats.o
 .debug_aranges
                0x00000110       0x20 build/SNESControl.o

.debug_ranges   0x00000000       0x40
 .debug_ranges  0x00000000       0x20 build/interrupt.o
 .debug_ranges  0x00000020       0x20 build/main.o
