
Memory Configuration

Name             Origin             Length             Attributes
*default*        0x00000000         0xffffffff

Linker script and memory map

LOAD build/menus.o
LOAD build/framebuffer.o
LOAD build/move.o
LOAD build/draw.o
LOAD build/interrupt.o
LOAD build/main.o
LOAD build/asset.o
LOAD build/Stats.o
LOAD build/gameState.o
LOAD build/jtag.o
LOAD build/SNESControl.o

.init           0x00008000        0x4
 *(.init)
 .init          0x00008000        0x4 build/main.o
                0x00008000                _start

.data           0x00009080   0x1f866f
 *(.data)
 .data          0x00009080        0x0 build/menus.o
 .data          0x00009080       0x70 build/framebuffer.o
                0x000090e0                FrameBufferPointer
 .data          0x000090f0        0x0 build/move.o
 .data          0x000090f0        0x0 build/draw.o
 .data          0x000090f0       0x44 build/interrupt.o
 .data          0x00009134        0x0 build/main.o
 *fill*         0x00009134        0xc 3f3f3f3f
 .data          0x00009140   0x1f71b0 build/asset.o
                0x00009140                castle
                0x00009c38                Goomba
                0x0000a540                Turle
                0x0000ae48                Sky
                0x0000b750                Ground
                0x0000bfd0                pipe
                0x0000c8d8                Mario
                0x0000d1e0                cloud
                0x0000dae8                brick
                0x0000e3f0                qBox
                0x0000ecf8                coin
                0x0000f600                letterA
                0x0000ff08                blackOut
                0x00010708                font
                0x00010f10                selectionMushroom
                0x00011818                mainMenuScreen
                0x00128698                PauseMenu
                0x00174598                OrangeSquare
                0x00174ea0                PauseStar
                0x001757a8                YouWin
                0x001b85f1                YouLose
                0x001ff9e5                LifeMushroom
 .data          0x002002f0      0x840 build/Stats.o
 .data          0x00200b30      0xbbf build/gameState.o
                0x00200b30                livesNum
                0x00200b31                currentLevel
                0x00200b32                currentCoins
                0x00200b33                currentScore
                0x00200b34                WinFlag
                0x00200b35                LoseFlag
                0x00200b36                PauseFlag
                0x00200b37                GameMap
                0x00200d2b                GameMap1
                0x00200d2b                EndMap
                0x00200f1f                GameMap2
                0x00200f1f                EndMap1
                0x00201113                GameMap3
                0x00201113                EndMap2
                0x00201307                EndMap3
                0x00201307                GameMapLeft1
                0x002014fb                GameMapLeft2
                0x002014fb                EndMapLeft1
                0x002016ef                EndMapLeft2
 .data          0x002016ef        0x0 build/jtag.o
 .data          0x002016ef        0x0 build/SNESControl.o
 *.c.o(*)

.igot.plt       0x002016f0        0x0
 .igot.plt      0x00000000        0x0 build/menus.o

.text           0x002016f0     0x1658
 *.c.o(.text)
 *(.text)
 .text          0x002016f0      0x120 build/menus.o
                0x002016f0                mainMenu
                0x00201720                MainUpPressed
                0x00201734                MainDownPressed
                0x00201748                MainAPressed
                0x00201760                TurnPauseFlagOff
                0x00201778                pauseMenu
                0x00201798                PauseStPressed
                0x002017a0                PauseDnPressed
                0x002017bc                PauseUpPressed
                0x002017d8                PauseAPressed
 .text          0x00201810       0x80 build/framebuffer.o
                0x00201810                InitFrameBuffer
 .text          0x00201890      0x62c build/move.o
                0x00201890                readMario
                0x002018e0                moveRight
                0x00201960                moveLeft
                0x002019e4                jump
                0x00201ae0                runJump
                0x00201cd8                fall2
                0x00201e48                switchMap
 .text          0x00201ebc      0x4fc build/draw.o
                0x00201ebc                clearScreen
                0x00201f10                DrawPixel
                0x00201f30                DrawWinMessage
                0x00201fa8                DrawLoseMessage
                0x00202004                DrawPauseMenu
                0x00202054                DrawMainMenuScreen
                0x002020a0                DrawMenuStar1
                0x002020dc                DrawMenuStar2
                0x00202118                DrawMenuStar3
                0x00202154                DrawMenuMushroom
                0x00202180                DrawMenuMushroom2
                0x002021ac                drawMap
                0x00202208                drawCell
 .text          0x002023b8      0x1a0 build/interrupt.o
                0x002023b8                Interrupt_Install_Table
                0x002023f0                Interrupt
                0x0020242c                IRQ
                0x002024c0                RandomNumberGenerator
 .text          0x00202558       0xa8 build/main.o
                0x00202558                main
                0x0020258c                StartGame
                0x00202590                ReStartGame
                0x002025bc                resumeGame
                0x002025d8                exitGame
                0x002025e0                Restart_Game
                0x002025e4                haltLoop$
 .text          0x00202600        0x0 build/asset.o
 .text          0x00202600      0x1c8 build/Stats.o
                0x00202600                Print_Init_Stats
                0x0020266c                Draw_Stats
                0x002026fc                DrawString
                0x00202740                Draw_Char
 .text          0x002027c8        0x0 build/gameState.o
 .text          0x002027c8       0x8c build/jtag.o
                0x002027c8                EnableJTAG
 .text          0x00202854      0x4f4 build/SNESControl.o
                0x00202854                initGPIO
                0x002028c4                readMainMenuButtons
                0x00202944                readEndButtons
                0x00202ac0                readPauseButtons
                0x00202b48                readButtons
                0x00202c18                Wait
OUTPUT(build/output.elf elf32-littlearm)

.glue_7         0x00202d48        0x0
 .glue_7        0x00000000        0x0 linker stubs

.glue_7t        0x00202d48        0x0
 .glue_7t       0x00000000        0x0 linker stubs

.vfp11_veneer   0x00202d48        0x0
 .vfp11_veneer  0x00000000        0x0 linker stubs

.v4_bx          0x00202d48        0x0
 .v4_bx         0x00000000        0x0 linker stubs

.iplt           0x00202d48        0x0
 .iplt          0x00000000        0x0 build/menus.o

.rel.dyn        0x00202d48        0x0
 .rel.iplt      0x00000000        0x0 build/menus.o

.bss            0x00202d48        0x0
 .bss           0x00202d48        0x0 build/menus.o
 .bss           0x00202d48        0x0 build/framebuffer.o
 .bss           0x00202d48        0x0 build/move.o
 .bss           0x00202d48        0x0 build/draw.o
 .bss           0x00202d48        0x0 build/interrupt.o
 .bss           0x00202d48        0x0 build/main.o
 .bss           0x00202d48        0x0 build/asset.o
 .bss           0x00202d48        0x0 build/Stats.o
 .bss           0x00202d48        0x0 build/gameState.o
 .bss           0x00202d48        0x0 build/jtag.o
 .bss           0x00202d48        0x0 build/SNESControl.o

.ARM.attributes
                0x00000000       0x29
 .ARM.attributes
                0x00000000       0x29 build/menus.o
 .ARM.attributes
                0x00000029       0x29 build/framebuffer.o
 .ARM.attributes
                0x00000052       0x29 build/move.o
 .ARM.attributes
                0x0000007b       0x29 build/draw.o
 .ARM.attributes
                0x000000a4       0x29 build/interrupt.o
 .ARM.attributes
                0x000000cd       0x29 build/main.o
 .ARM.attributes
                0x000000f6       0x29 build/asset.o
 .ARM.attributes
                0x0000011f       0x29 build/Stats.o
 .ARM.attributes
                0x00000148       0x29 build/gameState.o
 .ARM.attributes
                0x00000171       0x29 build/jtag.o
 .ARM.attributes
                0x0000019a       0x29 build/SNESControl.o

.debug_line     0x00000000      0x86c
 .debug_line    0x00000000       0x89 build/menus.o
 .debug_line    0x00000089       0x67 build/framebuffer.o
 .debug_line    0x000000f0      0x1e0 build/move.o
 .debug_line    0x000002d0      0x191 build/draw.o
 .debug_line    0x00000461       0xd0 build/interrupt.o
 .debug_line    0x00000531       0x77 build/main.o
 .debug_line    0x000005a8       0xc3 build/Stats.o
 .debug_line    0x0000066b       0x61 build/jtag.o
 .debug_line    0x000006cc      0x1a0 build/SNESControl.o

.debug_info     0x00000000      0x39a
 .debug_info    0x00000000       0x66 build/menus.o
 .debug_info    0x00000066       0x6c build/framebuffer.o
 .debug_info    0x000000d2       0x65 build/move.o
 .debug_info    0x00000137       0x65 build/draw.o
 .debug_info    0x0000019c       0x66 build/interrupt.o
 .debug_info    0x00000202       0x61 build/main.o
 .debug_info    0x00000263       0x66 build/Stats.o
 .debug_info    0x000002c9       0x65 build/jtag.o
 .debug_info    0x0000032e       0x6c build/SNESControl.o

.debug_abbrev   0x00000000       0xb0
 .debug_abbrev  0x00000000       0x14 build/menus.o
 .debug_abbrev  0x00000014       0x14 build/framebuffer.o
 .debug_abbrev  0x00000028       0x14 build/move.o
 .debug_abbrev  0x0000003c       0x14 build/draw.o
 .debug_abbrev  0x00000050       0x12 build/interrupt.o
 .debug_abbrev  0x00000062       0x12 build/main.o
 .debug_abbrev  0x00000074       0x14 build/Stats.o
 .debug_abbrev  0x00000088       0x14 build/jtag.o
 .debug_abbrev  0x0000009c       0x14 build/SNESControl.o

.debug_aranges  0x00000000      0x130
 .debug_aranges
                0x00000000       0x20 build/menus.o
 .debug_aranges
                0x00000020       0x20 build/framebuffer.o
 .debug_aranges
                0x00000040       0x20 build/move.o
 .debug_aranges
                0x00000060       0x20 build/draw.o
 .debug_aranges
                0x00000080       0x28 build/interrupt.o
 .debug_aranges
                0x000000a8       0x28 build/main.o
 .debug_aranges
                0x000000d0       0x20 build/Stats.o
 .debug_aranges
                0x000000f0       0x20 build/jtag.o
 .debug_aranges
                0x00000110       0x20 build/SNESControl.o

.debug_ranges   0x00000000       0x40
 .debug_ranges  0x00000000       0x20 build/interrupt.o
 .debug_ranges  0x00000020       0x20 build/main.o
