
Memory Configuration

Name             Origin             Length             Attributes
*default*        0x00000000         0xffffffff

Linker script and memory map

LOAD build/framebuffer.o
LOAD build/jtag.o
LOAD build/move.o
LOAD build/draw.o
LOAD build/menus.o
LOAD build/detector.o
LOAD build/main.o
LOAD build/asset.o
LOAD build/gameState.o
LOAD build/SNESControl.o

.init           0x00008000        0x4
 *(.init)
 .init          0x00008000        0x4 build/main.o
                0x00008000                _start

.data           0x00009080   0x3ed00e
 *(.data)
 .data          0x00009080       0x70 build/framebuffer.o
                0x000090e0                FrameBufferPointer
 .data          0x000090f0        0x0 build/jtag.o
 .data          0x000090f0        0x0 build/move.o
 .data          0x000090f0        0x0 build/draw.o
 .data          0x000090f0        0x0 build/menus.o
 .data          0x000090f0        0x0 build/detector.o
 .data          0x000090f0        0x0 build/main.o
 .data          0x000090f0   0x3ec9c0 build/asset.o
                0x000090f0                Sky
                0x000099f8                Ground
                0x0000a278                pipe
                0x0000ab80                Mario
                0x0000b730                cloud
                0x0000c038                brick
                0x0000c940                qBox
                0x0000d248                coin
                0x0000db50                letterA
                0x0000e458                blackOut
                0x0000ec58                font
                0x0000f460                TitleMenuStart
                0x001262e0                TitleMenuQuit
                0x0023d160                PauseMenu1
                0x002cf920                PauseMenu2
                0x003620e0                PauseMenu3
                0x003f48a0                Goomba
                0x003f51a8                Turle
 .data          0x003f5ab0      0x5de build/gameState.o
                0x003f5ab0                livesNum
                0x003f5ab1                currentLevel
                0x003f5ab2                GameMap
                0x003f5ca6                GameMap2
                0x003f5ca6                EndMap
                0x003f5e9a                GameMap3
                0x003f5e9a                EndMap2
                0x003f608e                EndMap3
 .data          0x003f608e        0x0 build/SNESControl.o
 *.c.o(*)

.igot.plt       0x003f6090        0x0
 .igot.plt      0x00000000        0x0 build/framebuffer.o

.text           0x003f6090      0xc10
 *.c.o(.text)
 *(.text)
 .text          0x003f6090       0x80 build/framebuffer.o
                0x003f6090                InitFrameBuffer
 .text          0x003f6110       0x8c build/jtag.o
                0x003f6110                EnableJTAG
 .text          0x003f619c      0x420 build/move.o
                0x003f619c                readMario
                0x003f61ec                moveRight
                0x003f6254                moveLeft
                0x003f62bc                jump
                0x003f63b0                runJump
 .text          0x003f65bc      0x2b8 build/draw.o
                0x003f65bc                clearScreen
                0x003f6630                DrawPauseMenu1
                0x003f663c                DrawPauseMenu2
                0x003f6648                DrawPauseMenu3
                0x003f6694                DrawMainMenuScreen
                0x003f66ec                drawMap
                0x003f6744                drawCell
 .text          0x003f6874       0x74 build/menus.o
                0x003f6874                mainMenu
                0x003f688c                StartPressed
                0x003f689c                PauseDnPressed
                0x003f68ac                PauseUpPressed
 .text          0x003f68e8        0x0 build/detector.o
 .text          0x003f68e8       0x44 build/main.o
                0x003f68e8                main
                0x003f68fc                ExitMainMenu
                0x003f6914                exitGame
                0x003f691c                Restart_Game
                0x003f6920                haltLoop$
 .text          0x003f692c        0x0 build/asset.o
 .text          0x003f692c        0x0 build/gameState.o
 .text          0x003f692c      0x374 build/SNESControl.o
                0x003f692c                initGPIO
                0x003f699c                readMainMenuButtons
                0x003f6a18                readPauseButtons
                0x003f6aa0                readButtons
                0x003f6b70                Wait
OUTPUT(build/output.elf elf32-littlearm)

.glue_7         0x003f6ca0        0x0
 .glue_7        0x00000000        0x0 linker stubs

.glue_7t        0x003f6ca0        0x0
 .glue_7t       0x00000000        0x0 linker stubs

.vfp11_veneer   0x003f6ca0        0x0
 .vfp11_veneer  0x00000000        0x0 linker stubs

.v4_bx          0x003f6ca0        0x0
 .v4_bx         0x00000000        0x0 linker stubs

.iplt           0x003f6ca0        0x0
 .iplt          0x00000000        0x0 build/framebuffer.o

.rel.dyn        0x003f6ca0        0x0
 .rel.iplt      0x00000000        0x0 build/framebuffer.o

.bss            0x003f6ca0        0x0
 .bss           0x003f6ca0        0x0 build/framebuffer.o
 .bss           0x003f6ca0        0x0 build/jtag.o
 .bss           0x003f6ca0        0x0 build/move.o
 .bss           0x003f6ca0        0x0 build/draw.o
 .bss           0x003f6ca0        0x0 build/menus.o
 .bss           0x003f6ca0        0x0 build/detector.o
 .bss           0x003f6ca0        0x0 build/main.o
 .bss           0x003f6ca0        0x0 build/asset.o
 .bss           0x003f6ca0        0x0 build/gameState.o
 .bss           0x003f6ca0        0x0 build/SNESControl.o

.ARM.attributes
                0x00000000       0x29
 .ARM.attributes
                0x00000000       0x29 build/framebuffer.o
 .ARM.attributes
                0x00000029       0x29 build/jtag.o
 .ARM.attributes
                0x00000052       0x29 build/move.o
 .ARM.attributes
                0x0000007b       0x29 build/draw.o
 .ARM.attributes
                0x000000a4       0x29 build/menus.o
 .ARM.attributes
                0x000000cd       0x29 build/detector.o
 .ARM.attributes
                0x000000f6       0x29 build/main.o
 .ARM.attributes
                0x0000011f       0x29 build/asset.o
 .ARM.attributes
                0x00000148       0x29 build/gameState.o
 .ARM.attributes
                0x00000171       0x29 build/SNESControl.o

.debug_line     0x00000000      0x512
 .debug_line    0x00000000       0x67 build/framebuffer.o
 .debug_line    0x00000067       0x61 build/jtag.o
 .debug_line    0x000000c8      0x153 build/move.o
 .debug_line    0x0000021b       0xfa build/draw.o
 .debug_line    0x00000315       0x5f build/menus.o
 .debug_line    0x00000374       0x60 build/main.o
 .debug_line    0x000003d4      0x13e build/SNESControl.o

.debug_info     0x00000000      0x35a
 .debug_info    0x00000000       0x80 build/framebuffer.o
 .debug_info    0x00000080       0x79 build/jtag.o
 .debug_info    0x000000f9       0x79 build/move.o
 .debug_info    0x00000172       0x79 build/draw.o
 .debug_info    0x000001eb       0x7a build/menus.o
 .debug_info    0x00000265       0x75 build/main.o
 .debug_info    0x000002da       0x80 build/SNESControl.o

.debug_abbrev   0x00000000       0x8a
 .debug_abbrev  0x00000000       0x14 build/framebuffer.o
 .debug_abbrev  0x00000014       0x14 build/jtag.o
 .debug_abbrev  0x00000028       0x14 build/move.o
 .debug_abbrev  0x0000003c       0x14 build/draw.o
 .debug_abbrev  0x00000050       0x14 build/menus.o
 .debug_abbrev  0x00000064       0x12 build/main.o
 .debug_abbrev  0x00000076       0x14 build/SNESControl.o

.debug_aranges  0x00000000       0xe8
 .debug_aranges
                0x00000000       0x20 build/framebuffer.o
 .debug_aranges
                0x00000020       0x20 build/jtag.o
 .debug_aranges
                0x00000040       0x20 build/move.o
 .debug_aranges
                0x00000060       0x20 build/draw.o
 .debug_aranges
                0x00000080       0x20 build/menus.o
 .debug_aranges
                0x000000a0       0x28 build/main.o
 .debug_aranges
                0x000000c8       0x20 build/SNESControl.o

.debug_ranges   0x00000000       0x20
 .debug_ranges  0x00000000       0x20 build/main.o
